<html>
<body>
<pre>
<h1>礦ision Build Log</h1>
<h2>Tool Versions:</h2>
IDE-Version: μVision V5.28.0.0
Copyright (C) 2019 ARM Ltd and ARM Germany GmbH. All rights reserved.
License Information: 啊实打实 865904552@qq.com, 啊实打实的, LIC=S5ISZ-JEWAR-NTL3G-VTPA5-MJ3CY-TY6VG
 
Tool Versions:
Toolchain:       MDK-ARM Professional  Version: 5.28.0.0
Toolchain Path:  E:\keil5\ARM\ARMCC\Bin
C Compiler:      Armcc.exe V5.06 update 6 (build 750)
Assembler:       Armasm.exe V5.06 update 6 (build 750)
Linker/Locator:  ArmLink.exe V5.06 update 6 (build 750)
Library Manager: ArmAr.exe V5.06 update 6 (build 750)
Hex Converter:   FromElf.exe V5.06 update 6 (build 750)
CPU DLL:         SARMCM3.DLL V5.28.0.0
Dialog DLL:      DARMCM1.DLL V1.19.2.0
Target DLL:      STLink\ST-LINKIII-KEIL_SWO.dll V3.0.6.0
Dialog DLL:      TARMCM1.DLL V1.14.1.0
 
<h2>Project:</h2>
C:\Users\86590\Desktop\电子电路学习\辉光管学习过程\QS30_my\QS30_learn\QS30_learn\MDK-ARM\QS30_learn.uvprojx
Project File Date:  02/22/2023

<h2>Output:</h2>
*** Using Compiler 'V5.06 update 6 (build 750)', folder: 'E:\keil5\ARM\ARMCC\Bin'
Build target 'QS30_learn'
compiling main.c...
../Src/main.c(127): warning:  #111-D: statement is unreachable
  	case 0:return T0; break;
../Src/main.c(128): warning:  #111-D: statement is unreachable
  	case 1:return T1; break;
../Src/main.c(129): warning:  #111-D: statement is unreachable
  	case 2:return T2; break;
../Src/main.c(130): warning:  #111-D: statement is unreachable
  	case 3:return T3; break;
../Src/main.c(131): warning:  #111-D: statement is unreachable
  	case 4:return T4; break;
../Src/main.c(132): warning:  #111-D: statement is unreachable
  	case 5:return T5; break;
../Src/main.c(133): warning:  #111-D: statement is unreachable
  	case 6:return T6; break;
../Src/main.c(134): warning:  #111-D: statement is unreachable
  	case 7:return T7; break;
../Src/main.c(135): warning:  #111-D: statement is unreachable
  	case 8:return T8; break;
../Src/main.c(136): warning:  #111-D: statement is unreachable
  	case 9:return T9; break;
../Src/main.c(339): warning:  #177-D: variable "count_time"  was declared but never referenced
  int count_time=0;
../Src/main.c(340): warning:  #177-D: variable "count_in"  was declared but never referenced
  int count_in=0;
../Src/main.c(341): warning:  #177-D: variable "count_key"  was declared but never referenced
  int count_key=0;
../Src/main.c(342): warning:  #177-D: variable "sec_in"  was declared but never referenced
  int sec_in=0;
../Src/main.c: 14 warnings, 0 errors
linking...
Program Size: Code=6860 RO-data=224 RW-data=100 ZI-data=2004  
FromELF: creating hex file...
"QS30_learn\QS30_learn.axf" - 0 Error(s), 14 Warning(s).

<h2>Software Packages used:</h2>

Package Vendor: ARM
                http://www.keil.com/pack/ARM.CMSIS.5.6.0.pack
                ARM.CMSIS.5.6.0
                CMSIS (Cortex Microcontroller Software Interface Standard)
   * Component: CORE Version: 5.3.0

Package Vendor: Keil
                http://www.keil.com/pack/Keil.STM32F0xx_DFP.2.0.0.pack
                Keil.STM32F0xx_DFP.2.0.0
                STMicroelectronics STM32F0 Series Device Support, Drivers and Examples

<h2>Collection of Component include folders:</h2>
  .\RTE\_QS30_learn
  E:\keil5\ARM\ARM\CMSIS\5.6.0\CMSIS\Core\Include
  E:\keil5\ARM\Keil\STM32F0xx_DFP\2.0.0\Drivers\CMSIS\Device\ST\STM32F0xx\Include

<h2>Collection of Component Files used:</h2>

   * Component: ARM::CMSIS:CORE:5.3.0
Build Time Elapsed:  00:00:01
</pre>
</body>
</html>
